// Jest Snapshot v1, https://goo.gl/fbAQLP

exports[`<Header /> it matches snapshot 1`] = `
<header>
  Welcome
</header>
`;
